[www.rebecca-murphy.net/index.html]
[backblue.gif]
[fade.gif]
[index.html]
[assets.squarespace.com/universal/styles-compressed/commerce-5613ac0e38e3dfd8012aa6a57ae14c04-min.css]
[use.typekit.net/ik/V5tCkKB1vi2ocxexR-Ee7TRWCU5w8zJoJ2njIQXvBwJfeC9ffFHN4UJLFRbh52jhWDmKFQItwQwUFDmc5Am8FRgyFewkFDjUjs7QMPG0ScmKZAFRjAuuS1gGpPoDSWmyScmDSeBRZPoRdhXCdeNRjAUGdaFXOY48jcmRjhIldWmk]
[assets.squarespace.com/universal/scripts-compressed/performance-99cbf2b7ae19fdfe882af-min.en-US.js]
[www.rebecca-murphy.net/worka409]
[static1.squarespace.com/static/sitecss/5b51813175f9ee60a4c2761a/11/4fba57fde4b0f79d428daa8b/5b51813175f9ee60a4c2762e/1833-05142015/1532470049547/site8696.css]
[www.rebecca-murphy.net/about.html]
[www.rebecca-murphy.net/contact.html]
[images.squarespace-cdn.com/content/v1/5b51813175f9ee60a4c2761a/1532305535500-G0W7YSV0D86WSXL684MP/ke17ZwdGBToddI8pDm48kFQQgP34qnCpeHaeAOzTt7pZw-z/patterned0e7d.gif]
[www.rebecca-murphy.net/patternmadeinaus/index.html]
[images.squarespace-cdn.com/content/v1/5b51813175f9ee60a4c2761a/1532098843521-RQUF49UM96Q3DKG25FOS/ke17ZwdGBToddI8pDm48kI0clhu0Aji3NOCgALY3yZIUqsx/letters0e7d.jpg]
[www.rebecca-murphy.net/typography/index.html]
[images.squarespace-cdn.com/content/v1/5b51813175f9ee60a4c2761a/1532431418282-OVTX5UIHDRVULU4F5ITM/ke17ZwdGBToddI8pDm48kNiEM88mrzHRsd1mQ3bxVct7gQa/goldenpearlofaphrodite-10e7d.jpg]
[assets.squarespace.com/universal/scripts-compressed/commerce-0c7db3152e34bbd955115-min.en-US.js]
[www.rebecca-murphy.net/golden-pearl-of-aphrodite/index.html]
[images.squarespace-cdn.com/content/v1/5b51813175f9ee60a4c2761a/1532325380279-ZI9TAJW7VA905KQMAIYG/ke17ZwdGBToddI8pDm48kPJXHKy2-mnvrsdpGQjlhod7gQa/IMG_7509+copy0e7d.jpg]
[assets.squarespace.com/universal/scripts-compressed/common-0671345c8f5db0d1af0b3-min.en-US.js]
[images.squarespace-cdn.com/content/v1/5b51813175f9ee60a4c2761a/1532326539228-PUS3RY4C6A55BH6ORHMF/ke17ZwdGBToddI8pDm48kLF0_iP-XiCKQOh4TbiXkz0Uqsx/IMG_51630e7d.jpg]
[images.squarespace-cdn.com/content/v1/5b51813175f9ee60a4c2761a/1532229597717-DJDIQ8D1F31V0UKGQGZY/ke17ZwdGBToddI8pDm48kMSf0Vrz5-DIVpavOWbmx4hZw-z/cardsinhand0e7d.jpg]
[images.squarespace-cdn.com/content/v1/5b51813175f9ee60a4c2761a/1532327622705-IHAPGICRLJNEXYHKIFHH/ke17ZwdGBToddI8pDm48kFQQgP34qnCpeHaeAOzTt7pZw-z/tropicaldaze0e7d.jpg]
[www.rebecca-murphy.net/glass-slipper/index.html]
[www.rebecca-murphy.net/deck-of-cards/index.html]
[www.rebecca-murphy.net/talk-it-out-stickers/index.html]
[images.squarespace-cdn.com/content/v1/5b51813175f9ee60a4c2761a/1532466093638-QCOV3EG4QU43KUBRQZHE/ke17ZwdGBToddI8pDm48kCySWjbxjnKkP4bzCOD3Rh4Uqsx/Unicorns_posters0e7d.jpg]
[images.squarespace-cdn.com/content/v1/5b51813175f9ee60a4c2761a/1532229806606-E3V4RDCJ5ZRDBJONSEMH/ke17ZwdGBToddI8pDm48kPqQfq0L3n3wpHIsRapTfg8Uqsx/heapsnheapstee0e7d.jpg]
[www.rebecca-murphy.net/unicorns/index.html]
[www.rebecca-murphy.net/tropical-daze/index.html]
[images.squarespace-cdn.com/content/v1/5b51813175f9ee60a4c2761a/1532232173198-X6LZF6XGRN07FCGNV4UD/ke17ZwdGBToddI8pDm48kKOyTruBI62EzK38tKGZ_HJ7gQa/screaminghand_50e7d.jpg]
[images.squarespace-cdn.com/content/v1/5b51813175f9ee60a4c2761a/1532430476568-7SQCLTQDJJCRG6WRWU72/ke17ZwdGBToddI8pDm48kGIBqDuLx05PitVi0Tf63QNZw-z/f6705ae6766183edf6ea1351bb4c00ce.110e7d.delay]
[www.rebecca-murphy.net/biocupartseries/index.html]
[www.rebecca-murphy.net/heapsnheaps/index.html]
[images.squarespace-cdn.com/content/v1/5b51813175f9ee60a4c2761a/1532467981470-SSKLWWVDFLJVUSDXO7MY/ke17ZwdGBToddI8pDm48kF-GcJ7Tg8uJKodK9bsifyQUqsx/paintingtherosesred0e7d.jpg]
[images.squarespace-cdn.com/content/v1/5b51813175f9ee60a4c2761a/1532467445601-X4O7V216QH00TBWSSBH7/ke17ZwdGBToddI8pDm48kBR9HdCRReEe2CMsRO9womt7gQa/dreamy_flyer0e7d.jpg]
[www.rebecca-murphy.net/screaminghand/index.html]
[www.rebecca-murphy.net/painting-the-roses-red/index.html]
[www.rebecca-murphy.net/avantcard/index.html]
[images.squarespace-cdn.com/content/v1/5b51813175f9ee60a4c2761a/1532094890952-0D0I61CW49WMQVE3BZM5/ke17ZwdGBToddI8pDm48kEpVg-ILAPna1wRh-xAJ9fRZw-z/11325490_1605481703062737_1604097196_n.150e7d]
[images.squarespace-cdn.com/content/v1/5b51813175f9ee60a4c2761a/1532229466513-ZS2EDH4OBGY4PZQ0P4RX/ke17ZwdGBToddI8pDm48kJ6TiOeln6gTBodSIxZ4kE97gQa/100squared_panels_setA_preview0e7d.jpg]
[www.rebecca-murphy.net/dreamy/index.html]
[www.rebecca-murphy.net/100-squared/index.html]
[images.squarespace-cdn.com/content/v1/5b51813175f9ee60a4c2761a/1532231989535-DSX6B23B987PS1PLSQHR/ke17ZwdGBToddI8pDm48kKwnwxFXLg0C3Xqt9LyQBVRZw-z/freethereef_lowres0e7d.jpg]
[www.rebecca-murphy.net/freethereef/index.html]
[images.squarespace-cdn.com/content/v1/5b51813175f9ee60a4c2761a/1532230132037-SRVIPRSDYIVRJ1YHJYYG/ke17ZwdGBToddI8pDm48kJ86QcF_G_bSd9sMSZ1y6WV7gQa/artlinegemini0e7d.jpg]
[images.squarespace-cdn.com/content/v1/5b51813175f9ee60a4c2761a/1532230248730-1RKNZ45ENATD4YYKCABO/ke17ZwdGBToddI8pDm48kD1P9BgemWsDRCMXjK6ZnXt7gQa/customheels30e7d.jpg]
[images.squarespace-cdn.com/content/v1/5b51813175f9ee60a4c2761a/1532230608644-C85TQPOCXVGK396EOCF3/ke17ZwdGBToddI8pDm48kDHPSfPanjkWqhH6pl6g5ph7gQa/letyourfeelings0e7d.jpg]
[www.rebecca-murphy.net/artlineastrology/index.html]
[www.rebecca-murphy.net/heels/index.html]
[www.rebecca-murphy.net/artline-show-your-feelings/index.html]
[images.squarespace-cdn.com/content/v1/5b51813175f9ee60a4c2761a/1532232259975-S0FBO9XVYT7R4LUZQWP6/ke17ZwdGBToddI8pDm48kNVIaW8WwZEN-u6ouwnmbxJ7gQa/web_PRINTS0e7d.jpg]
[images.squarespace-cdn.com/content/v1/5b51813175f9ee60a4c2761a/1532430809792-F4OW6O0V7JWVEQBSAC0Z/ke17ZwdGBToddI8pDm48kGAg9u-xVZn0i9Ct3IJbLc9Zw-z/TheNightingale0e7d.jpg]
[images.squarespace-cdn.com/content/v1/5b51813175f9ee60a4c2761a/1532232718735-KLJ8M3GMKQ6EZIEMSMDJ/ke17ZwdGBToddI8pDm48kAR4Rz1-SDQ2oP4S0KK9rpFZw-z/rhino_rebeccamurphy_lores0e7d.jpg]
[www.rebecca-murphy.net/screenprintsonshell/index.html]
[images.squarespace-cdn.com/content/v1/5b51813175f9ee60a4c2761a/1532307925533-V6W10GTAMJSLKM3LXHMR/ke17ZwdGBToddI8pDm48kPTNg-iySwhxYTnEujE-B71Zw-z/unicornsandheavymetal0e7d.jpg]
[www.rebecca-murphy.net/the-nightingale/index.html]
[www.rebecca-murphy.net/rhino/index.html]
[images.squarespace-cdn.com/content/v1/5b51813175f9ee60a4c2761a/1532307751003-K5EJS5VHISFD67PHFTIU/ke17ZwdGBToddI8pDm48kNiEM88mrzHRsd1mQ3bxVct7gQa/creativejuices_b0e7d.jpg]
[images.squarespace-cdn.com/content/v1/5b51813175f9ee60a4c2761a/1532325230768-15FXR1LRMKG0PC1RJC4O/ke17ZwdGBToddI8pDm48kNiEM88mrzHRsd1mQ3bxVct7gQa/axolotls0e7d.jpg]
[www.rebecca-murphy.net/gettrucked/index.html]
[www.rebecca-murphy.net/creativejuices/index.html]
[www.rebecca-murphy.net/patternaxolotl/index.html]
[images.squarespace-cdn.com/content/v1/5b51813175f9ee60a4c2761a/1532308308281-WPFBHYX37XIDUYWM3EUS/ke17ZwdGBToddI8pDm48kFPXYRNPUoQGYnMqA0HCz9UUqsx/growitlocal_rmurphyb0e7d.jpg]
[images.squarespace-cdn.com/content/v1/5b51813175f9ee60a4c2761a/1532309800472-EHFI2AZOQC47HS8VZFSG/ke17ZwdGBToddI8pDm48kJRsEtw8WA_UJ9QXrXFxQy17gQa/record_doublerainbow0e7d.jpg]
[images.squarespace-cdn.com/content/v1/5b51813175f9ee60a4c2761a/1532325880700-ACOTVFUMST7CM6AQ7ALZ/ke17ZwdGBToddI8pDm48kFEBgILyiTnhZABRKgnV-2Z7gQa/IMG_59070e7d.jpg]
[www.rebecca-murphy.net/cosmic-love/index.html]
[www.rebecca-murphy.net/growitlocal/index.html]
[www.rebecca-murphy.net/doublerainbowomg/index.html]
[images.squarespace-cdn.com/content/v1/5b51813175f9ee60a4c2761a/1532464281287-PHRESGOZPM6VP91KLX3P/ke17ZwdGBToddI8pDm48kPJXHKy2-mnvrsdpGQjlhod7gQa/13B9BBA0-small0e7d.jpg]
[images.squarespace-cdn.com/content/v1/5b51813175f9ee60a4c2761a/1532433790662-TQDQTH4P58YG3247SALO/ke17ZwdGBToddI8pDm48kJK4Mm1kch8SFO9ZNkN1NT97gQa/breakfastvibes20e7d.jpg]
[www.rebecca-murphy.net/lucky-cricket/index.html]
[images.squarespace-cdn.com/content/v1/5b51813175f9ee60a4c2761a/1532326868950-LBJEMH7IMV5NM2B07V1B/ke17ZwdGBToddI8pDm48kMXxfhCkgM7NSxWD93zxriR7gQa/IMG_70220e7d.jpg]
[images.squarespace-cdn.com/content/v1/5b51813175f9ee60a4c2761a/1532229936816-XBWJ0IG6OGWPWIM6V2DD/ke17ZwdGBToddI8pDm48kBxX7QcyDclQBhYCHwbxl9YUqsx/alivenrockin0e7d.jpg]
[www.rebecca-murphy.net/breakfast-vibes/index.html]
[images.squarespace-cdn.com/content/v1/5b51813175f9ee60a4c2761a/1532328425294-5H3N69WH2QJHBKABFUW0/ke17ZwdGBToddI8pDm48kNWNdNd0RoJ4ou9iYxQT8g17gQa/P1030775b0e7d.jpg]
[www.rebecca-murphy.net/pattern-friday-13th/index.html]
[images.squarespace-cdn.com/content/v1/5b51813175f9ee60a4c2761a/1532328292417-9GIDCFNREZ7NU1G0337N/ke17ZwdGBToddI8pDm48kH7bcx_p807l_7aJvGUB_uN7gQa/P1030793b0e7d.jpg]
[www.rebecca-murphy.net/alivenrockin/index.html]
[images.squarespace-cdn.com/content/v1/5b51813175f9ee60a4c2761a/1532433657614-QIGO4L0DL56TVJ8X814C/ke17ZwdGBToddI8pDm48kNiEM88mrzHRsd1mQ3bxVct7gQa/dreamingoffalcor0e7d.jpg]
[www.rebecca-murphy.net/sweetheart/index.html]
[www.rebecca-murphy.net/rev-head/index.html]
[www.rebecca-murphy.net/dreaming-of-falcor/index.html]
[images.squarespace-cdn.com/content/v1/5b51813175f9ee60a4c2761a/1532328806054-IGSNOB42WECLJEJAZ607/ke17ZwdGBToddI8pDm48kNn7aEl59q_VO1GEifyUXS4Uqsx/schrodingersgardenclub0e7d.jpg]
[images.squarespace-cdn.com/content/v1/5b51813175f9ee60a4c2761a/1532327129425-IR3UJ8X9OSLR6CP912PP/ke17ZwdGBToddI8pDm48kI6hiv6FiZNaWUu7DqJkgLF7gQa/grinninggunakadeit_front0e7d.jpg]
[images.squarespace-cdn.com/content/v1/5b51813175f9ee60a4c2761a/1532328931661-UU5ACX9QDJXUCQ0CWFLO/ke17ZwdGBToddI8pDm48kHZ4z_7ws0zXfOsNY0-TiqZ7gQa/wallflower0e7d.jpg]
[images.squarespace-cdn.com/content/v1/5b51813175f9ee60a4c2761a/1532329232989-PC1DOPEIEQTJZ0VXN9ZQ/ke17ZwdGBToddI8pDm48kF_NRzDIKM549X9KVPaJdBV7gQa/traceabledown_final_thickerlines.2d0e7d.delay]
[www.rebecca-murphy.net/schrdingers-gardening-club/index.html]
[www.rebecca-murphy.net/patagonia-down/index.html]
[images.squarespace-cdn.com/content/v1/5b51813175f9ee60a4c2761a/1532332606532-8VSYIFISAJ41M52RC3FA/ke17ZwdGBToddI8pDm48kGTJ8Z1cmxTlWoEgYHtRFB0Uqsx/lores_thelostshoe0e7d.jpg]
[www.rebecca-murphy.net/the-lost-shoe/index.html]
[www.rebecca-murphy.net/wallflower/index.html]
[images.squarespace-cdn.com/content/v1/5b51813175f9ee60a4c2761a/1532432026275-UKVIRODQRM1CEOSC7J4J/ke17ZwdGBToddI8pDm48kEWEftExrEqI2RLJ8_a08PNZw-z/spiritseeker_original0e7d.jpg]
[images.squarespace-cdn.com/content/v1/5b51813175f9ee60a4c2761a/1532329539794-EB78LU3H8GOEKARA1NAY/ke17ZwdGBToddI8pDm48kFQQgP34qnCpeHaeAOzTt7pZw-z/lores_chasethewhitestag0e7d.jpg]
[images.squarespace-cdn.com/content/v1/5b51813175f9ee60a4c2761a/1532432179781-NUSNHANLKQQ1A8A4TY6P/ke17ZwdGBToddI8pDm48kK5cgPsUS8hRqJgjW5ai9VJ7gQa/memoriesofchildhood0e7d.jpg]
[www.rebecca-murphy.net/spirit-seeker/index.html]
[www.rebecca-murphy.net/chase-the-white-stag/index.html]
[images.squarespace-cdn.com/content/v1/5b51813175f9ee60a4c2761a/1532433489832-D80WHOJ3E2V55K866K61/ke17ZwdGBToddI8pDm48kCuD4DRTvpwqtmGOqSZXkn17gQa/destroytheonewhomadeyou0e7d.jpg]
[www.rebecca-murphy.net/destroy-the-one-who-made-you/index.html]
[www.rebecca-murphy.net/memories-of-childhood/index.html]
[images.squarespace-cdn.com/content/v1/5b51813175f9ee60a4c2761a/1532469967278-2RLG4TH2ROLZOCIXEEGU/ke17ZwdGBToddI8pDm48kMV9RURBn5MBLZd9duKdZyMUqsx/crywolf0e7d.jpg]
[www.rebecca-murphy.net/cry-wolf/index.html]
[images.squarespace-cdn.com/content/v1/5b51813175f9ee60a4c2761a/1532468753196-57ZATOVNEHV1KDYJFYKM/ke17ZwdGBToddI8pDm48kHzgKdc96rNzEbQz5Cvfsmp7gQa/alwaysIwanttobewithyousmall0e7d.jpg]
[www.rebecca-murphy.net/always-i-want-to-be-with-you/index.html]
[images.squarespace-cdn.com/content/v1/5b51813175f9ee60a4c2761a/1532469211031-0Y4SAFCIERIBLU2H8F0O/ke17ZwdGBToddI8pDm48kPJXHKy2-mnvrsdpGQjlhod7gQa/luchadoroflovesmall0e7d.jpg]
[static1.squarespace.com/static/ta/4fba5732e4b0935259821a4a/1833/scripts/core-0.2.0.min.js]
[www.rebecca-murphy.net/index.html]
[static1.squarespace.com/static/ta/4fba5732e4b0935259821a4a/1833/scripts/combo/index6823.html]
[assets.squarespace.com/universal/images-v6/standard/icon_close_7_light.png]
[assets.squarespace.com/universal/images-v6/damask/cart-16-light.png]
[www.rebecca-murphy.net/curveball/index.html]
[www.rebecca-murphy.net/luchador-of-love/index.html]
[assets.squarespace.com/universal/images-v6/damask/cart-32-light.png]
[assets.squarespace.com/universal/styles-compressed/commerce-5613ac0e38e3dfd8012aa6a57ae14c04-min.css]
[assets.squarespace.com/universal/images-v6/icons/icon-cart-18-dark.png]
[assets.squarespace.com/universal/images-v6/damask/error-dark.png]
[assets.squarespace.com/universal/images-v6/damask/error-dark@2x.png]
[www.rebecca-murphy.net/grinning-gunakadeit/index.html]
[assets.squarespace.com/universal/images-v6/damask/play-button.png]
[assets.squarespace.com/universal/images-v6/damask/play-button@2x.png]
[static1.squarespace.com/static/sitecss/5b51813175f9ee60a4c2761a/11/4fba57fde4b0f79d428daa8b/5b51813175f9ee60a4c2762e/1833-05142015/1532470049547/gallery-play-big.css]
[static1.squarespace.com/static/sitecss/5b51813175f9ee60a4c2761a/11/4fba57fde4b0f79d428daa8b/5b51813175f9ee60a4c2762e/1833-05142015/1532470049547/gallery-play-big@2x.css]
[assets.squarespace.com/universal/images-v6/damask/edit-aviary-light.png]
[assets.squarespace.com/universal/images-v6/damask/edit-aviary-light@2x.png]
[assets.squarespace.com/universal/images-v6/damask/edit-info-light.png]
[assets.squarespace.com/universal/images-v6/damask/edit-info-light@2x.png]
[assets.squarespace.com/universal/images-v6/damask/trash-9-light.png]
[assets.squarespace.com/universal/images-v6/damask/trash-9-light@2x.png]
[assets.squarespace.com/universal/images-v6/damask/trash-9-red.png]
[assets.squarespace.com/universal/images-v6/damask/trash-9-red@2x.png]
[assets.squarespace.com/universal/images-v6/damask/getty-16-light.png]
[assets.squarespace.com/universal/images-v6/damask/getty-32-light.png]
[assets.squarespace.com/universal/images-v6/damask/shopping-cart-16-light.png]
[assets.squarespace.com/universal/images-v6/damask/shopping-cart-32-light.png]
[static1.squarespace.com/universal/images-v6/icons/block-indicator-dark.png]
[static1.squarespace.com/universal/images-v6/icons/block-indicator-dark@2x.png]
[static1.squarespace.com/universal/images-v6/icons/opentable-icons.png]
[static1.squarespace.com/universal/images-v6/icons/icon-searchqueries-20-dark.png]
[static1.squarespace.com/universal/images-v6/icons/icon-searchqueries-20-light.png]
[assets.squarespace.com/universal/images-v6/icons/icon-video-24-light-solid.png]
[static1.squarespace.com/universal/images-v6/damask/image-inside-64-dark.png]
[static1.squarespace.com/universal/images-v6/damask/image-inside-128-dark.png]
[assets.squarespace.com/universal/images-v6/icons/icon-settings-16-light.png]
[static1.squarespace.com/static/sitecss/5b51813175f9ee60a4c2761a/11/4fba57fde4b0f79d428daa8b/5b51813175f9ee60a4c2762e/1833-05142015/1532470049547/site8696.css]
[images.squarespace-cdn.com/content/v1/5b51813175f9ee60a4c2761a/1532433038370-UM31SHEZRCMYIAVZW61O/ke17ZwdGBToddI8pDm48kBi7P8j92teWys72lB4eKRRZw-z/media_cleo.jpg]
[images.squarespace-cdn.com/content/v1/5b51813175f9ee60a4c2761a/1532433129675-DN6QZF7BGQCM7BWRE3L5/ke17ZwdGBToddI8pDm48kBcY5wvpE1lrkaI3vmGWwoRZw-z/media_goo1.jpg]
[www.rebecca-murphy.net/about.html]
[images.squarespace-cdn.com/content/v1/5b51813175f9ee60a4c2761a/1532084474902-MNV7NVOL1IAHJ3TQ3RB0/ke17ZwdGBToddI8pDm48kEpVg-ILAPna1wRh-xAJ9fRZw-z/11376532_392506194270266_161546835_n.5c.delay]
[www.rebecca-murphy.net/contact.html]
[www.rebecca-murphy.net/patternmadeinaus.html]
[www.rebecca-murphy.net/patternmadeinaus/index.html]
[www.rebecca-murphy.net/typography.html]
[www.rebecca-murphy.net/typography/index.html]
[www.rebecca-murphy.net/golden-pearl-of-aphrodite/index.html]
[www.rebecca-murphy.net/golden-pearl-of-aphrodite.html]
[www.rebecca-murphy.net/glass-slipper/index.html]
[www.rebecca-murphy.net/glass-slipper.html]
[www.rebecca-murphy.net/talk-it-out-stickers/index.html]
[www.rebecca-murphy.net/talk-it-out-stickers.html]
[assets.squarespace.com/universal/scripts-compressed/commerce-6adcadc9f65eefeb714b7-min.en-US.js]
[assets.squarespace.com/universal/scripts-compressed/common-0c3c9d22a9dbc948ba7a7-min.en-US.js]
[www.rebecca-murphy.net/deck-of-cards/index.html]
[www.rebecca-murphy.net/deck-of-cards.html]
[www.rebecca-murphy.net/tropical-daze/index.html]
[www.rebecca-murphy.net/tropical-daze.html]
[www.rebecca-murphy.net/unicorns/index.html]
[www.rebecca-murphy.net/unicorns.html]
[www.rebecca-murphy.net/biocupartseries.html]
[www.rebecca-murphy.net/biocupartseries/index.html]
[www.rebecca-murphy.net/heapsnheaps/index.html]
[www.rebecca-murphy.net/heapsnheaps.html]
[www.rebecca-murphy.net/screaminghand/index.html]
[www.rebecca-murphy.net/screaminghand.html]
[www.rebecca-murphy.net/painting-the-roses-red/index.html]
[www.rebecca-murphy.net/painting-the-roses-red.html]
[www.rebecca-murphy.net/avantcard/index.html]
[www.rebecca-murphy.net/avantcard.html]
[www.rebecca-murphy.net/dreamy/index.html]
[www.rebecca-murphy.net/dreamy.html]
[www.rebecca-murphy.net/100-squared/index.html]
[www.rebecca-murphy.net/100-squared.html]
[www.rebecca-murphy.net/freethereef/index.html]
[www.rebecca-murphy.net/freethereef.html]
[www.rebecca-murphy.net/artlineastrology/index.html]
[www.rebecca-murphy.net/artlineastrology.html]
[www.rebecca-murphy.net/heels.html]
[www.rebecca-murphy.net/heels/index.html]
[www.rebecca-murphy.net/artline-show-your-feelings/index.html]
[www.rebecca-murphy.net/artline-show-your-feelings.html]
[www.rebecca-murphy.net/screenprintsonshell/index.html]
[www.rebecca-murphy.net/screenprintsonshell.html]
[www.rebecca-murphy.net/the-nightingale/index.html]
[www.rebecca-murphy.net/the-nightingale.html]
[www.rebecca-murphy.net/rhino/index.html]
[www.rebecca-murphy.net/rhino.html]
[www.rebecca-murphy.net/gettrucked/index.html]
[www.rebecca-murphy.net/gettrucked.html]
[www.rebecca-murphy.net/creativejuices.html]
[www.rebecca-murphy.net/creativejuices/index.html]
[www.rebecca-murphy.net/patternaxolotl/index.html]
[www.rebecca-murphy.net/patternaxolotl.html]
[www.rebecca-murphy.net/growitlocal.html]
[www.rebecca-murphy.net/growitlocal/index.html]
[www.rebecca-murphy.net/doublerainbowomg/index.html]
[www.rebecca-murphy.net/doublerainbowomg.html]
[www.rebecca-murphy.net/cosmic-love/index.html]
[www.rebecca-murphy.net/cosmic-love.html]
[www.rebecca-murphy.net/lucky-cricket/index.html]
[www.rebecca-murphy.net/lucky-cricket.html]
[www.rebecca-murphy.net/breakfast-vibes/index.html]
[www.rebecca-murphy.net/breakfast-vibes.html]
[www.rebecca-murphy.net/pattern-friday-13th/index.html]
[www.rebecca-murphy.net/pattern-friday-13th.html]
[www.rebecca-murphy.net/alivenrockin/index.html]
[www.rebecca-murphy.net/alivenrockin.html]
[www.rebecca-murphy.net/sweetheart.html]
[www.rebecca-murphy.net/sweetheart/index.html]
[www.rebecca-murphy.net/rev-head.html]
[www.rebecca-murphy.net/rev-head/index.html]
[www.rebecca-murphy.net/dreaming-of-falcor/index.html]
[www.rebecca-murphy.net/dreaming-of-falcor.html]
[www.rebecca-murphy.net/schrdingers-gardening-club/index.html]
[www.rebecca-murphy.net/schrdingers-gardening-club.html]
[www.rebecca-murphy.net/patagonia-down/index.html]
[www.rebecca-murphy.net/patagonia-down.html]
[www.rebecca-murphy.net/grinning-gunakadeit/index.html]
[www.rebecca-murphy.net/grinning-gunakadeit.html]
[www.rebecca-murphy.net/wallflower/index.html]
[www.rebecca-murphy.net/wallflower.html]
[www.rebecca-murphy.net/the-lost-shoe/index.html]
[www.rebecca-murphy.net/the-lost-shoe.html]
[www.rebecca-murphy.net/spirit-seeker/index.html]
[www.rebecca-murphy.net/spirit-seeker.html]
[www.rebecca-murphy.net/chase-the-white-stag/index.html]
[www.rebecca-murphy.net/chase-the-white-stag.html]
[www.rebecca-murphy.net/memories-of-childhood/index.html]
[www.rebecca-murphy.net/memories-of-childhood.html]
[www.rebecca-murphy.net/destroy-the-one-who-made-you/index.html]
[www.rebecca-murphy.net/destroy-the-one-who-made-you.html]
[www.rebecca-murphy.net/cry-wolf/index.html]
[www.rebecca-murphy.net/cry-wolf.html]
[www.rebecca-murphy.net/always-i-want-to-be-with-you/index.html]
[www.rebecca-murphy.net/always-i-want-to-be-with-you.html]
[www.rebecca-murphy.net/luchador-of-love/index.html]
[www.rebecca-murphy.net/luchador-of-love.html]
[www.rebecca-murphy.net/curveball/index.html]
[www.rebecca-murphy.net/curveball.html]
[static1.squarespace.com/static/sitecss/5b51813175f9ee60a4c2761a/11/4fba57fde4b0f79d428daa8b/5b51813175f9ee60a4c2762e/1833-05142015/1532470049547/gallery-play-big.css]
[static1.squarespace.com/static/sitecss/5b51813175f9ee60a4c2761a/11/4fba57fde4b0f79d428daa8b/5b51813175f9ee60a4c2762e/1833-05142015/1532470049547/gallery-play-big@2x.css]
[www.rebecca-murphy.net/patternmadeinaus.html]
[www.rebecca-murphy.net/typography.html]
[www.rebecca-murphy.net/golden-pearl-of-aphrodite.html]
[www.rebecca-murphy.net/glass-slipper.html]
[www.rebecca-murphy.net/talk-it-out-stickers.html]
[www.rebecca-murphy.net/deck-of-cards.html]
[www.rebecca-murphy.net/tropical-daze.html]
[www.rebecca-murphy.net/unicorns.html]
[www.rebecca-murphy.net/biocupartseries.html]
[www.rebecca-murphy.net/heapsnheaps.html]
[www.rebecca-murphy.net/screaminghand.html]
[www.rebecca-murphy.net/painting-the-roses-red.html]
[www.rebecca-murphy.net/avantcard.html]
[www.rebecca-murphy.net/dreamy.html]
[www.rebecca-murphy.net/100-squared.html]
[www.rebecca-murphy.net/freethereef.html]
[www.rebecca-murphy.net/artlineastrology.html]
[www.rebecca-murphy.net/heels.html]
[www.rebecca-murphy.net/artline-show-your-feelings.html]
[www.rebecca-murphy.net/screenprintsonshell.html]
[www.rebecca-murphy.net/the-nightingale.html]
[www.rebecca-murphy.net/rhino.html]
[www.rebecca-murphy.net/gettrucked.html]
[www.rebecca-murphy.net/creativejuices.html]
[www.rebecca-murphy.net/patternaxolotl.html]
[www.rebecca-murphy.net/growitlocal.html]
[www.rebecca-murphy.net/doublerainbowomg.html]
[www.rebecca-murphy.net/cosmic-love.html]
[www.rebecca-murphy.net/lucky-cricket.html]
[www.rebecca-murphy.net/breakfast-vibes.html]
[www.rebecca-murphy.net/pattern-friday-13th.html]
[www.rebecca-murphy.net/alivenrockin.html]
[www.rebecca-murphy.net/sweetheart.html]
[www.rebecca-murphy.net/rev-head.html]
[www.rebecca-murphy.net/dreaming-of-falcor.html]
[www.rebecca-murphy.net/schrdingers-gardening-club.html]
[www.rebecca-murphy.net/patagonia-down.html]
[www.rebecca-murphy.net/grinning-gunakadeit.html]
[www.rebecca-murphy.net/wallflower.html]
[www.rebecca-murphy.net/the-lost-shoe.html]
[www.rebecca-murphy.net/spirit-seeker.html]
[www.rebecca-murphy.net/chase-the-white-stag.html]
[www.rebecca-murphy.net/memories-of-childhood.html]
[www.rebecca-murphy.net/destroy-the-one-who-made-you.html]
[www.rebecca-murphy.net/cry-wolf.html]
[www.rebecca-murphy.net/always-i-want-to-be-with-you.html]
[www.rebecca-murphy.net/luchador-of-love.html]
[www.rebecca-murphy.net/curveball.html]
